// Jest Snapshot v1, https://goo.gl/fbAQLP

exports[`Pruebas en el componente <HomeScreen /> Debe de mostrar el compoenente 1`] = `
<div>
  <h1>
    Home Screen
  </h1>
  <hr />
  <pre>
    {
   "name": "Alejandro",
   "email": "alejoruizs@hotmail.com"
}
  </pre>
</div>
`;
