// Jest Snapshot v1, https://goo.gl/fbAQLP

exports[`Prueba en el componente <MultipleCustomHooks /> Debe mostrarse correctamente 1`] = `
<div>
  <h1>
    Breaking Bad Quotes
  </h1>
  <hr />
  <div
    className="alert alert-info text-center"
  >
    Loading...
  </div>
  <button
    className="btn btn-primary"
    onClick={[Function]}
  >
    Siguiente Frase
  </button>
  <button
    className="btn btn-primary"
    onClick={[Function]}
  >
    Anterior Frase
  </button>
</div>
`;
